2.769544686689916269e+00
4.353951409127948757e+00
4.900807803070653890e+00
1.106651171241445075e+00
2.260768705295352010e+00
3.003916303145325983e+00
3.051292891539786112e+00
2.856807604372113119e+00
2.867074222999356437e+00
7.897143014725944710e-01
6.736795667984353010e-03
8.387937341196121527e-03
3.845422584156012874e-02
1.964269987344975377e+00
3.928900982138672227e+00
4.725790376403951498e+00
1.270675629694121067e+00
2.432390751281408470e+00
1.794244548638153636e-01
2.918257098924467385e+00
