1.362634572172127356e+00
8.245073882211006122e+00
9.577260759527881362e-01
1.348976094066338227e+00
8.687719852532183040e+00
2.875972752203199256e+00
6.649318888461555943e+00
7.789260593799084198e+00
1.267427591636513862e+00
2.507492202214424815e+00
3.795634715792669311e+00
1.913854754226111066e+00
2.140427010044476663e+00
4.579405854371391804e+00
7.454408274996790595e+00
8.123967606393765806e+00
2.466958426372571456e+00
2.481467438666320025e+00
7.536937318030365596e+00
9.419158321284704982e+00
