2.656739104974145782e+00
3.719292022262453923e+00
4.576217279717223363e+00
7.860283389720614800e-01
9.400797166947758576e-01
2.553426173272414168e+00
4.890728722692925245e+00
3.513681099025625976e+00
7.885896396562329658e-01
4.925242548248514041e+00
7.775638781088562990e-01
7.330589648641689937e-01
2.347187696350109931e+00
4.952784061969182972e+00
3.970525028050049254e+00
3.689838575815155952e+00
5.839940457278904873e-01
2.675731477375579370e+00
8.420258261395145993e-01
3.822874762981172125e+00
