3.899727499274517672e+00
1.422318576428609038e+00
4.701719932619181641e+00
6.511284301774406202e+00
2.132027893489307768e+00
6.867046936202294560e-01
3.777144487308745635e+00
9.443056056539044008e+00
6.774988130249511187e+00
3.928976276999222694e+00
7.295057301951821671e+00
2.980207219435364596e-01
6.023966771825347344e+00
2.851148671620617581e+00
7.884639463496535328e+00
8.658882124690110871e+00
8.763247785183354566e+00
4.595000364854843866e+00
6.651396821474796717e+00
7.711675601802420843e+00
