1.000000000000000021e-03
4.228411386302359520e-02
8.356822772604718952e-02
1.248523415890707838e-01
1.661364554520943781e-01
2.074205693151179863e-01
2.487046831781415668e-01
2.899887970411651472e-01
3.312729109041887554e-01
3.725570247672123636e-01
4.138411386302359718e-01
4.551252524932595245e-01
4.964093663562831327e-01
5.376934802193067409e-01
5.789775940823302935e-01
6.202617079453539572e-01
6.615458218083775099e-01
7.028299356714010626e-01
7.441140495344247263e-01
7.853981633974482790e-01
